impnotes-top
index.html
book-info-title-page
index.html#book-info-title-page
legalese
ln-legalese.html
overview
overview.html
conventions
conventions.html
clhs-chapters
clhs-chapters.html
intro
intro.html
spec-symb
spec-symb.html
fin-delim
spec-symb.html#fin-delim
fin-delim-i
spec-symb.html#fin-delim-i
error-terms
error-terms.html
cl-symb
cl-symb.html
syntax
syntax.html
reader-alg
reader-alg.html
tokens
tokens.html
res-token
tokens.html#res-token
res-token-i
tokens.html#res-token-i
valid-patterns
valid-patterns.html
backquote
backquote.html
bq-nested
backquote.html#bq-nested
sharpsign
sharpsign.html
extra-read-macro-table
sharpsign.html#extra-read-macro-table
eval
eval.html
evaluation
evaluation.html
eval-environ
evaluation.html#eval-environ
the-env
evaluation.html#the-env
eval-env
evaluation.html#eval-env
dyn-var
evaluation.html#dyn-var
function-form
evaluation.html#function-form
compilation
compilation.html
compiler-terms
compilation.html#compiler-terms
compiler-macros
compilation.html#compiler-macros
similarity
compilation.html#similarity
declarations
declarations.html
safety-decl
declarations.html#safety-decl
compile-decl
declarations.html#compile-decl
lalist
lalist.html
boa-lalist
lalist.html#boa-lalist
eval-comp
eval-comp.html
spec-decl
eval-comp.html#spec-decl
spe-var-p
eval-comp.html#spe-var-p
constantp
eval-comp.html#constantp
eval-when
eval-comp.html#eval-when
types-classes
types-classes.html
types
types.html
type-spec
types.html#type-spec
classes
classes.html
clos-diff
clos-diff.html
gen-flet
clos-diff.html#gen-flet
gen-flet-i
clos-diff.html#gen-flet-i
gen-labels
clos-diff.html#gen-labels
gen-labels-i
clos-diff.html#gen-labels-i
metaclasses
metaclasses.html
def-class
def-class.html
redef-class
redef-class.html
type-class-dict
type-class-dict.html
fixnum-char-ansi
type-class-dict.html#fixnum-char-ansi
data
data.html
flow-dict
flow-dict.html
fle
flow-dict.html#fle
fcase
flow-dict.html#fcase
xor
flow-dict.html#xor
eq
flow-dict.html#eq
sym-fun
flow-dict.html#sym-fun
setf
flow-dict.html#setf
func
flow-dict.html#func
def-sym-mac
flow-dict.html#def-sym-mac
symbol-mex
flow-dict.html#symbol-mex
symbol-mex-i
flow-dict.html#symbol-mex-i
lambda
flow-dict.html#lambda
values-limits-table
flow-dict.html#values-limits-table
defun
flow-dict.html#defun
suppress-check-redef
flow-dict.html#suppress-check-redef
defun-accept-spelalist
flow-dict.html#defun-accept-spelalist
iteration
iteration.html
loop
loop.html
loop-inter-var-finally
loop.html#loop-inter-var-finally
loop-ansi
loop.html#loop-ansi
objects
objects.html
std-meth-combo
std-meth-combo.html
no-prim
std-meth-combo.html#no-prim
no-prim-i
std-meth-combo.html#no-prim-i
meth-call-err
std-meth-combo.html#meth-call-err
meth-call-err-i
std-meth-combo.html#meth-call-err-i
meth-call-type-err
std-meth-combo.html#meth-call-type-err
meth-call-type-err-i
std-meth-combo.html#meth-call-type-err-i
structures
structures.html
defstruct-inherit
structures.html#defstruct-inherit
conditions
conditions.html
muffle-cerrors
conditions.html#muffle-cerrors
appease-cerrors
conditions.html#appease-cerrors
abort-on-error
conditions.html#abort-on-error
exit-on-error
conditions.html#exit-on-error
err-pr-bt
conditions.html#err-pr-bt
global-handler
conditions.html#global-handler
without-global-handlers
conditions.html#without-global-handlers
with-restarts
conditions.html#with-restarts
cond-nl
cond-nl.html
cond-dict
cond-dict.html
symbols
symbols.html
packages
packages.html
pack-lock
pack-lock.html
pack-lock-f
pack-lock.html#pack-lock-f
pack-lock-i
pack-lock.html#pack-lock-i
without-pack-lock
pack-lock.html#without-pack-lock
without-pack-lock-i
pack-lock.html#without-pack-lock-i
clupack
clupack.html
imppack
imppack.html
sys-pac
imppack.html#sys-pac
ext-pac
imppack.html#ext-pac
package-case
package-case.html
pack-modern
package-case.html#pack-modern
pack-modern-i
package-case.html#pack-modern-i
pack-case-sensitive
package-case.html#pack-case-sensitive
pack-case-sensitive-i
package-case.html#pack-case-sensitive-i
pack-case-inverted
package-case.html#pack-case-inverted
pack-case-inverted-i
package-case.html#pack-case-inverted-i
cs-clu
package-case.html#cs-clu
cs-pack-name
package-case.html#cs-pack-name
cs-gensym-kwd
package-case.html#cs-gensym-kwd
case-sensitive-migration
package-case.html#case-sensitive-migration
case-sensitive-startup
package-case.html#case-sensitive-startup
pack-dict
pack-dict.html
make-pack
pack-dict.html#make-pack
defpack
pack-dict.html#defpack
re-export
pack-dict.html#re-export
pack-inverted
pack-dict.html#pack-inverted
pack-sensitive
pack-dict.html#pack-sensitive
numbers
numbers.html
num-types
num-types.html
num-concepts
num-concepts.html
byte-type
num-concepts.html#byte-type
float-subst
num-concepts.html#float-subst
float-comp
num-concepts.html#float-comp
floating-types-table
num-concepts.html#floating-types-table
lfd
num-concepts.html#lfd
flocont
num-concepts.html#flocont
warn-fpc
num-concepts.html#warn-fpc
floratcont
num-concepts.html#floratcont
warn-fprc
num-concepts.html#warn-fprc
phasecont
num-concepts.html#phasecont
complex-comp
num-concepts.html#complex-comp
complex-rational
num-concepts.html#complex-rational
num-dict
num-dict.html
ucpt
num-dict.html#ucpt
default-float-format
num-dict.html#default-float-format
no-underflow
num-dict.html#no-underflow
int-func-ext
num-dict.html#int-func-ext
factorial
num-dict.html#factorial
exquo
num-dict.html#exquo
xgcd
num-dict.html#xgcd
mod-expt
num-dict.html#mod-expt
float-notes
num-dict.html#float-notes
expt
num-dict.html#expt
log
num-dict.html#log
pi
num-dict.html#pi
float-decode
num-dict.html#float-decode
bool-ops
num-dict.html#bool-ops
bool-op-table
num-dict.html#bool-op-table
fixnum-lim
num-dict.html#fixnum-lim
fixnum-lim-table
num-dict.html#fixnum-lim-table
bignum-lim
num-dict.html#bignum-lim
float-lim
num-dict.html#float-lim
float-invalid-op
num-dict.html#float-invalid-op
float-inexact
num-dict.html#float-inexact
characters
characters.html
latin-1-table
characters.html#latin-1-table
next-charset-table
characters.html#next-charset-table
standard-char-table
characters.html#standard-char-table
semi-standard-char-table
characters.html#semi-standard-char-table
extra-named-chars-table
characters.html#extra-named-chars-table
ctrl-char-table
characters.html#ctrl-char-table
char-script
char-script.html
char-attrib
char-attrib.html
input-char
char-attrib.html#input-char
bit-table
char-attrib.html#bit-table
graph-char
graph-char.html
alpha-char
alpha-char.html
char-ext
char-ext.html
num-char
num-char.html
char-ord
char-ord.html
clhs-newline
clhs-newline.html
char-int
char-int.html
script-ext
script-ext.html
char-dict
char-dict.html
char-code-limit-table
char-dict.html#char-code-limit-table
char-width
char-width.html
char-platform-dep
char-platform-dep.html
dos-win32-chars-table
char-platform-dep.html#dos-win32-chars-table
unix-chars-table
char-platform-dep.html#unix-chars-table
char-bits
char-bits.html
char-bits-table
char-bits.html#char-bits-table
conses
conses.html
cons-dict
cons-dict.html
map-func
cons-dict.html#map-func
mapcap
cons-dict.html#mapcap
maplap
cons-dict.html#maplap
arrays
arrays.html
array-elts
array-elts.html
array-limit-table
array-elts.html#array-limit-table
array-dict
array-dict.html
strings
strings.html
string-dict
string-dict.html
string-comp
string-dict.html#string-comp
string-width
string-dict.html#string-width
sequences
sequences.html
seq-dict
seq-dict.html
seq-macro-ext
seq-dict.html#seq-macro-ext
doseq
seq-dict.html#doseq
nreverse-nreconc
seq-dict.html#nreverse-nreconc
rem-del
seq-dict.html#rem-del
count-ansi
seq-dict.html#count-ansi
sorting
seq-dict.html#sorting
hash
hash.html
hash-dict
hash-dict.html
make-hash
hash-dict.html#make-hash
hashtable-gc-rehash
hash-dict.html#hashtable-gc-rehash
hashtable-gc-rehash-warn
hash-dict.html#hashtable-gc-rehash-warn
hashtable-gc-rehash-warn-i
hash-dict.html#hashtable-gc-rehash-warn-i
defhash
hash-dict.html#defhash
ht-test
hash-dict.html#ht-test
dohash
hash-dict.html#dohash
filenames
filenames.html
device-prefix
filenames.html#device-prefix
min-filename-syntax-table
filenames.html#min-filename-syntax-table
path-components
path-components.html
path-dir-canon
path-components.html#path-dir-canon
path-platform-specific
path-components.html#path-platform-specific
unix-filename-table
path-components.html#unix-filename-table
win32-filename-table
path-components.html#win32-filename-table
name-type-split
path-components.html#name-type-split
unspecific
unspecific.html
path-external-notation
path-external-notation.html
unix-path-external-table
path-external-notation.html#unix-path-external-table
win32-path-external-table
path-external-notation.html#win32-path-external-table
log-path
log-path.html
filename-dict
filename-dict.html
path-des
filename-dict.html#path-des
translate-pathname
filename-dict.html#translate-pathname
translate-logpath
filename-dict.html#translate-logpath
parsename
filename-dict.html#parsename
pathmerge
filename-dict.html#pathmerge
load-lpt
filename-dict.html#load-lpt
absolute-pathname
filename-dict.html#absolute-pathname
files
files.html
file-dict
file-dict.html
probe-file
file-dict.html#probe-file
file-author
file-dict.html#file-author
probe-dir
file-dict.html#probe-dir
del-file
file-dict.html#del-file
directory
file-dict.html#directory
dir
file-dict.html#dir
cd
file-dict.html#cd
default-dir
file-dict.html#default-dir
make-dir
file-dict.html#make-dir
delete-dir
file-dict.html#delete-dir
streams
streams.html
streams-interactive
streams-interactive.html
terminal
terminal.html
readline
terminal.html#readline
with-kbd
terminal.html#with-kbd
unix-kbd-keys
terminal.html#unix-kbd-keys
stream-dict
stream-dict.html
stream-eltype
stream-dict.html#stream-eltype
bin-stdio
stream-dict.html#bin-stdio
make-stream
stream-dict.html#make-stream
make-stream-warn-buffering
stream-dict.html#make-stream-warn-buffering
bin-input
stream-dict.html#bin-input
endianness
stream-dict.html#endianness
endianness-i
stream-dict.html#endianness-i
bin-output
stream-dict.html#bin-output
bulk-io
stream-dict.html#bulk-io
read-seq
stream-dict.html#read-seq
rd-by-seq
stream-dict.html#rd-by-seq
rd-ch-seq
stream-dict.html#rd-ch-seq
write-seq
stream-dict.html#write-seq
wr-by-seq
stream-dict.html#wr-by-seq
wr-ch-seq
stream-dict.html#wr-ch-seq
bulk-io-rationale
stream-dict.html#bulk-io-rationale
non-block-io
stream-dict.html#non-block-io
rcwhp
stream-dict.html#rcwhp
rbla
stream-dict.html#rbla
rbwhp
stream-dict.html#rbwhp
rbnh
stream-dict.html#rbnh
file-pos
stream-dict.html#file-pos
elastic-newline
stream-dict.html#elastic-newline
open
stream-dict.html#open
eltype
stream-dict.html#eltype
extfmt
stream-dict.html#extfmt
buffered
stream-dict.html#buffered
close
stream-dict.html#close
open-stream-p
stream-dict.html#open-stream-p
broadcast-stream
stream-dict.html#broadcast-stream
stream-buffer
stream-dict.html#stream-buffer
stream-buffer-i
stream-dict.html#stream-buffer-i
stream-buffer-o
stream-dict.html#stream-buffer-o
printer
printer.html
multi-rep
multi-rep.html
pr-closure
multi-rep.html#pr-closure
pr-rpars
multi-rep.html#pr-rpars
pr-indent
multi-rep.html#pr-indent
ppr-first-newline
multi-rep.html#ppr-first-newline
sym-pack-prefix
sym-pack-prefix.html
pr-sym-pack-prefix
sym-pack-prefix.html#pr-sym-pack-prefix
print-vector
print-vector.html
print-array
print-array.html
pr-empty-arr-ansi
print-array.html#pr-empty-arr-ansi
clpp
clpp.html
pp-dispatch
clpp.html#pp-dispatch
print-formatted
print-formatted.html
format-bang
print-formatted.html#format-bang
format-bang-i
print-formatted.html#format-bang-i
format-dot
print-formatted.html#format-dot
format-dot-i
print-formatted.html#format-dot-i
print-dict
print-dict.html
print-unreadable-object
print-dict.html#print-unreadable-object
pr-unreadable-ansi
print-dict.html#pr-unreadable-ansi
pathprint
print-dict.html#pathprint
spacecharprint
print-dict.html#spacecharprint
print-misc
print-dict.html#print-misc
write-float-decimal
print-dict.html#write-float-decimal
write-float-decimal-i
print-dict.html#write-float-decimal-i
reader
reader.html
unreadable-objects-table
reader.html#unreadable-objects-table
chario
chario.html
read-dispatch-ext
read-dispatch-ext.html
rt-case
rt-case.html
system
system.html
system-dict
system-dict.html
compilefile
system-dict.html#compilefile
compile-file-arguments
system-dict.html#compile-file-arguments
compile-file-new-files-table
system-dict.html#compile-file-new-files-table
c-file-overwrite
system-dict.html#c-file-overwrite
compile-file-path
system-dict.html#compile-file-path
require
system-dict.html#require
loadfile
system-dict.html#loadfile
load-paths
system-dict.html#load-paths
features
system-dict.html#features
features-table
system-dict.html#features-table
featurep
system-dict.html#featurep
environment
environment.html
debugger
debugger.html
debugger-main-deb-step
debugger.html#debugger-main-deb-step
debugger-deb-step
debugger.html#debugger-deb-step
cur-frame
debugger.html#cur-frame
debugger-deb-step-1
debugger.html#debugger-deb-step-1
debugger-eval-apply
debugger.html#debugger-eval-apply
debugger-deb
debugger.html#debugger-deb
debugger-step
debugger.html#debugger-step
user-commands
debugger.html#user-commands
environment-dict
environment-dict.html
disassemble
environment-dict.html#disassemble
uncompile
environment-dict.html#uncompile
documentation
environment-dict.html#documentation
browser
environment-dict.html#browser
trace
environment-dict.html#trace
trace-val
environment-dict.html#trace-val
trace-indent
environment-dict.html#trace-indent
inspect
environment-dict.html#inspect
room
environment-dict.html#room
gc-func
environment-dict.html#gc-func
gc-func-i
environment-dict.html#gc-func-i
time
environment-dict.html#time
ed
environment-dict.html#ed
clock
environment-dict.html#clock
default-tz
environment-dict.html#default-tz
internal-time-units-table
environment-dict.html#internal-time-units-table
machine
environment-dict.html#machine
apropos
environment-dict.html#apropos
dribble
environment-dict.html#dribble
dribble-example
environment-dict.html#dribble-example
drist
environment-dict.html#drist
drist-p
environment-dict.html#drist-p
drist-so
environment-dict.html#drist-so
drist-ta
environment-dict.html#drist-ta
mk-drist
environment-dict.html#mk-drist
dri-toggle
environment-dict.html#dri-toggle
version
environment-dict.html#version
argv
environment-dict.html#argv
glossary
glossary.html
appendix
appendix.html
issues
issues.html
issues-list
issues.html#issues-list
iss001
issues.html#iss001
iss002
issues.html#iss002
iss003
issues.html#iss003
iss004
issues.html#iss004
iss005
issues.html#iss005
iss006
issues.html#iss006
iss007
issues.html#iss007
iss008
issues.html#iss008
iss009
issues.html#iss009
iss010
issues.html#iss010
iss011
issues.html#iss011
iss012
issues.html#iss012
iss013
issues.html#iss013
iss014
issues.html#iss014
iss015
issues.html#iss015
iss016
issues.html#iss016
iss017
issues.html#iss017
iss018
issues.html#iss018
iss019
issues.html#iss019
iss020
issues.html#iss020
iss021
issues.html#iss021
iss022
issues.html#iss022
iss023
issues.html#iss023
iss024
issues.html#iss024
iss025
issues.html#iss025
iss026
issues.html#iss026
iss027
issues.html#iss027
iss028
issues.html#iss028
iss029
issues.html#iss029
iss030
issues.html#iss030
iss031
issues.html#iss031
iss032
issues.html#iss032
iss033
issues.html#iss033
iss034
issues.html#iss034
iss035
issues.html#iss035
iss036
issues.html#iss036
iss037
issues.html#iss037
iss038
issues.html#iss038
iss039
issues.html#iss039
iss040
issues.html#iss040
iss041
issues.html#iss041
iss042
issues.html#iss042
iss043
issues.html#iss043
iss044
issues.html#iss044
iss045
issues.html#iss045
iss046
issues.html#iss046
iss047
issues.html#iss047
iss048
issues.html#iss048
iss049
issues.html#iss049
iss050
issues.html#iss050
iss051
issues.html#iss051
iss052
issues.html#iss052
iss053
issues.html#iss053
iss054
issues.html#iss054
iss055
issues.html#iss055
iss056
issues.html#iss056
iss057
issues.html#iss057
iss058
issues.html#iss058
iss059
issues.html#iss059
iss060
issues.html#iss060
iss061
issues.html#iss061
iss062
issues.html#iss062
iss063
issues.html#iss063
iss064
issues.html#iss064
iss065
issues.html#iss065
iss066
issues.html#iss066
iss067
issues.html#iss067
iss068
issues.html#iss068
iss069
issues.html#iss069
iss070
issues.html#iss070
iss071
issues.html#iss071
iss072
issues.html#iss072
iss073
issues.html#iss073
iss074
issues.html#iss074
iss075
issues.html#iss075
iss076
issues.html#iss076
iss077
issues.html#iss077
iss078
issues.html#iss078
iss079
issues.html#iss079
iss080
issues.html#iss080
iss081
issues.html#iss081
iss082
issues.html#iss082
iss083
issues.html#iss083
iss084
issues.html#iss084
iss085
issues.html#iss085
iss086
issues.html#iss086
iss087
issues.html#iss087
iss088
issues.html#iss088
iss089
issues.html#iss089
iss090
issues.html#iss090
iss091
issues.html#iss091
iss092
issues.html#iss092
iss093
issues.html#iss093
iss094
issues.html#iss094
iss095
issues.html#iss095
iss096
issues.html#iss096
iss097
issues.html#iss097
iss098
issues.html#iss098
iss099
issues.html#iss099
iss100
issues.html#iss100
iss101
issues.html#iss101
iss102
issues.html#iss102
iss103
issues.html#iss103
iss104
issues.html#iss104
iss105
issues.html#iss105
iss106
issues.html#iss106
iss107
issues.html#iss107
iss108
issues.html#iss108
iss109
issues.html#iss109
iss110
issues.html#iss110
iss111
issues.html#iss111
iss112
issues.html#iss112
iss113
issues.html#iss113
iss114
issues.html#iss114
iss115
issues.html#iss115
iss116
issues.html#iss116
iss117
issues.html#iss117
iss118
issues.html#iss118
iss119
issues.html#iss119
iss120
issues.html#iss120
iss121
issues.html#iss121
iss122
issues.html#iss122
iss123
issues.html#iss123
iss124
issues.html#iss124
iss125
issues.html#iss125
iss126
issues.html#iss126
iss127
issues.html#iss127
iss128
issues.html#iss128
iss129
issues.html#iss129
iss130
issues.html#iss130
iss131
issues.html#iss131
iss132
issues.html#iss132
iss133
issues.html#iss133
iss134
issues.html#iss134
iss135
issues.html#iss135
iss136
issues.html#iss136
iss137
issues.html#iss137
iss138
issues.html#iss138
iss139
issues.html#iss139
iss140
issues.html#iss140
iss141
issues.html#iss141
iss142
issues.html#iss142
iss143
issues.html#iss143
iss144
issues.html#iss144
iss145
issues.html#iss145
iss146
issues.html#iss146
iss147
issues.html#iss147
iss148
issues.html#iss148
iss149
issues.html#iss149
iss150
issues.html#iss150
iss151
issues.html#iss151
iss152
issues.html#iss152
iss153
issues.html#iss153
iss154
issues.html#iss154
iss155
issues.html#iss155
iss156
issues.html#iss156
iss157
issues.html#iss157
iss158
issues.html#iss158
iss159
issues.html#iss159
iss160
issues.html#iss160
iss161
issues.html#iss161
iss162
issues.html#iss162
iss163
issues.html#iss163
iss164
issues.html#iss164
iss165
issues.html#iss165
iss166
issues.html#iss166
iss167
issues.html#iss167
iss168
issues.html#iss168
iss169
issues.html#iss169
iss170
issues.html#iss170
iss171
issues.html#iss171
iss172
issues.html#iss172
iss173
issues.html#iss173
iss174
issues.html#iss174
iss175
issues.html#iss175
iss176
issues.html#iss176
iss177
issues.html#iss177
iss178
issues.html#iss178
iss179
issues.html#iss179
iss180
issues.html#iss180
iss181
issues.html#iss181
iss182
issues.html#iss182
iss183
issues.html#iss183
iss184
issues.html#iss184
iss185
issues.html#iss185
iss186
issues.html#iss186
iss187
issues.html#iss187
iss188
issues.html#iss188
iss189
issues.html#iss189
iss190
issues.html#iss190
iss191
issues.html#iss191
iss192
issues.html#iss192
iss193
issues.html#iss193
iss194
issues.html#iss194
iss195
issues.html#iss195
iss196
issues.html#iss196
iss197
issues.html#iss197
iss198
issues.html#iss198
iss199
issues.html#iss199
iss200
issues.html#iss200
iss201
issues.html#iss201
iss202
issues.html#iss202
iss203
issues.html#iss203
iss204
issues.html#iss204
iss205
issues.html#iss205
iss206
issues.html#iss206
iss207
issues.html#iss207
iss208
issues.html#iss208
iss209
issues.html#iss209
iss210
issues.html#iss210
iss211
issues.html#iss211
iss212
issues.html#iss212
iss213
issues.html#iss213
iss214
issues.html#iss214
iss215
issues.html#iss215
iss216
issues.html#iss216
iss217
issues.html#iss217
iss218
issues.html#iss218
iss219
issues.html#iss219
iss220
issues.html#iss220
iss221
issues.html#iss221
iss222
issues.html#iss222
iss223
issues.html#iss223
iss224
issues.html#iss224
iss225
issues.html#iss225
iss226
issues.html#iss226
iss227
issues.html#iss227
iss228
issues.html#iss228
iss229
issues.html#iss229
iss230
issues.html#iss230
iss231
issues.html#iss231
iss232
issues.html#iss232
iss233
issues.html#iss233
iss234
issues.html#iss234
iss235
issues.html#iss235
iss236
issues.html#iss236
iss237
issues.html#iss237
iss238
issues.html#iss238
iss239
issues.html#iss239
iss240
issues.html#iss240
iss241
issues.html#iss241
iss242
issues.html#iss242
iss243
issues.html#iss243
iss244
issues.html#iss244
iss245
issues.html#iss245
iss246
issues.html#iss246
iss247
issues.html#iss247
iss248
issues.html#iss248
iss249
issues.html#iss249
iss250
issues.html#iss250
iss251
issues.html#iss251
iss252
issues.html#iss252
iss253
issues.html#iss253
iss254
issues.html#iss254
iss255
issues.html#iss255
iss256
issues.html#iss256
iss257
issues.html#iss257
iss258
issues.html#iss258
iss259
issues.html#iss259
iss260
issues.html#iss260
iss261
issues.html#iss261
iss262
issues.html#iss262
iss263
issues.html#iss263
iss264
issues.html#iss264
iss265
issues.html#iss265
iss266
issues.html#iss266
iss267
issues.html#iss267
iss268
issues.html#iss268
iss269
issues.html#iss269
iss270
issues.html#iss270
iss271
issues.html#iss271
iss272
issues.html#iss272
iss273
issues.html#iss273
iss274
issues.html#iss274
iss275
issues.html#iss275
iss276
issues.html#iss276
iss277
issues.html#iss277
iss278
issues.html#iss278
iss279
issues.html#iss279
iss280
issues.html#iss280
iss281
issues.html#iss281
iss282
issues.html#iss282
iss283
issues.html#iss283
iss284
issues.html#iss284
iss285
issues.html#iss285
iss286
issues.html#iss286
iss287
issues.html#iss287
iss288
issues.html#iss288
iss289
issues.html#iss289
iss290
issues.html#iss290
iss291
issues.html#iss291
iss292
issues.html#iss292
iss293
issues.html#iss293
iss294
issues.html#iss294
iss295
issues.html#iss295
iss296
issues.html#iss296
iss297
issues.html#iss297
iss298
issues.html#iss298
iss299
issues.html#iss299
iss300
issues.html#iss300
iss301
issues.html#iss301
iss302
issues.html#iss302
iss303
issues.html#iss303
iss304
issues.html#iss304
iss305
issues.html#iss305
iss306
issues.html#iss306
iss307
issues.html#iss307
iss308
issues.html#iss308
iss309
issues.html#iss309
iss310
issues.html#iss310
iss311
issues.html#iss311
iss312
issues.html#iss312
iss313
issues.html#iss313
iss314
issues.html#iss314
iss315
issues.html#iss315
iss316
issues.html#iss316
iss317
issues.html#iss317
iss318
issues.html#iss318
iss319
issues.html#iss319
iss320
issues.html#iss320
iss321
issues.html#iss321
iss322
issues.html#iss322
iss323
issues.html#iss323
iss324
issues.html#iss324
iss325
issues.html#iss325
iss326
issues.html#iss326
iss327
issues.html#iss327
iss328
issues.html#iss328
iss329
issues.html#iss329
iss330
issues.html#iss330
iss331
issues.html#iss331
iss332
issues.html#iss332
iss333
issues.html#iss333
iss334
issues.html#iss334
iss335
issues.html#iss335
iss336
issues.html#iss336
iss337
issues.html#iss337
iss338
issues.html#iss338
iss339
issues.html#iss339
iss340
issues.html#iss340
iss341
issues.html#iss341
iss342
issues.html#iss342
iss343
issues.html#iss343
iss344
issues.html#iss344
iss345
issues.html#iss345
iss346
issues.html#iss346
iss347
issues.html#iss347
iss348
issues.html#iss348
iss349
issues.html#iss349
iss350
issues.html#iss350
iss351
issues.html#iss351
iss352
issues.html#iss352
iss353
issues.html#iss353
iss354
issues.html#iss354
iss355
issues.html#iss355
iss356
issues.html#iss356
iss357
issues.html#iss357
iss358
issues.html#iss358
iss359
issues.html#iss359
iss360
issues.html#iss360
iss361
issues.html#iss361
iss362
issues.html#iss362
iss363
issues.html#iss363
iss364
issues.html#iss364
iss365
issues.html#iss365
iss366
issues.html#iss366
extensions
extensions.html
ext-standard
ext-standard.html
mop-chap
mop-chap.html
mop-intro
mop-chap.html#mop-intro
mop-intro-notation
mop-chap.html#mop-intro-notation
mop-package
mop-chap.html#mop-package
mop-overview
mop-chap.html#mop-overview
mop-metaobjects
mop-chap.html#mop-metaobjects
mop-ba-mo-cl
mop-chap.html#mop-ba-mo-cl
mo-cl
mop-chap.html#mo-cl
mop-mo
mop-chap.html#mop-mo
mop-mo-classes
mop-chap.html#mop-mo-classes
mop-class-mo
mop-chap.html#mop-class-mo
mop-mo-slot-defs
mop-chap.html#mop-mo-slot-defs
mop-slot-def-mo
mop-chap.html#mop-slot-def-mo
mop-dsd-mo
mop-chap.html#mop-dsd-mo
mop-esd-mo
mop-chap.html#mop-esd-mo
mop-mo-gen-funs
mop-chap.html#mop-mo-gen-funs
mop-gen-fun-mo
mop-chap.html#mop-gen-fun-mo
mop-mo-methods
mop-chap.html#mop-mo-methods
mop-method-mo
mop-chap.html#mop-method-mo
mop-mo-spec
mop-chap.html#mop-mo-spec
spec-mo
mop-chap.html#spec-mo
mop-mo-meth-combs
mop-chap.html#mop-mo-meth-combs
mop-meth-comp-mo
mop-chap.html#mop-meth-comp-mo
mop-mo-cl-inheritance
mop-chap.html#mop-mo-cl-inheritance
mop-mo-cl-inheritance-fig
mop-chap.html#mop-mo-cl-inheritance-fig
mop-inherit-struct
mop-chap.html#mop-inherit-struct
std-mo
mop-chap.html#std-mo
forward-referenced-class-clisp
mop-chap.html#forward-referenced-class-clisp
frc-bad
mop-chap.html#frc-bad
mop-ov-impl-and-user-spec
mop-chap.html#mop-ov-impl-and-user-spec
mop-portable-restrictions
mop-chap.html#mop-portable-restrictions
mop-mo-redef-clisp-warn
mop-chap.html#mop-mo-redef-clisp-warn
mop-impl-restrictions
mop-chap.html#mop-impl-restrictions
mop-ui-macro
mop-chap.html#mop-ui-macro
mop-compile-ui-macro
mop-chap.html#mop-compile-ui-macro
mop-ov-ui-others
mop-chap.html#mop-ov-ui-others
mop-ov-mo-init
mop-chap.html#mop-ov-mo-init
mop-classes
mop-chap.html#mop-classes
mop-cl-defclass
mop-chap.html#mop-cl-defclass
mop-canonicalized-slot-spec
mop-chap.html#mop-canonicalized-slot-spec
mop-canonicalized-default-initarg
mop-chap.html#mop-canonicalized-default-initarg
mop-cl-Inheritance
mop-chap.html#mop-cl-Inheritance
mop-cl-Inheritance-fig
mop-chap.html#mop-cl-Inheritance-fig
mop-cl-readers
mop-chap.html#mop-cl-readers
class-name
mop-chap.html#class-name
class-direct-superclasses
mop-chap.html#class-direct-superclasses
class-direct-slots
mop-chap.html#class-direct-slots
class-direct-default-initargs
mop-chap.html#class-direct-default-initargs
cpl
mop-chap.html#cpl
class-direct-subclasses
mop-chap.html#class-direct-subclasses
class-slots
mop-chap.html#class-slots
class-default-initargs
mop-chap.html#class-default-initargs
class-finalized-p
mop-chap.html#class-finalized-p
class-prototype
mop-chap.html#class-prototype
mop-cl-readers-methods
mop-chap.html#mop-cl-readers-methods
CRM-1
mop-chap.html#CRM-1
CRM-2
mop-chap.html#CRM-2
CRM-3
mop-chap.html#CRM-3
CRM-4
mop-chap.html#CRM-4
CRM-5
mop-chap.html#CRM-5
CRM-6
mop-chap.html#CRM-6
CRM-7
mop-chap.html#CRM-7
CRM-8
mop-chap.html#CRM-8
CRM-9
mop-chap.html#CRM-9
CRM-10
mop-chap.html#CRM-10
mop-cl-finalization
mop-chap.html#mop-cl-finalization
mop-cl-init
mop-chap.html#mop-cl-init
mop-cl-init-mo
mop-chap.html#mop-cl-init-mo
class-mo-initargs
mop-chap.html#class-mo-initargs
class-mo-init-methods
mop-chap.html#class-mo-init-methods
mop-cl-init-anon
mop-chap.html#mop-cl-init-anon
mop-cl-reinit-mo
mop-chap.html#mop-cl-reinit-mo
mop-cl-customize
mop-chap.html#mop-cl-customize
setf-class-name
mop-chap.html#setf-class-name
ensure-class
mop-chap.html#ensure-class
ensure-class-UC
mop-chap.html#ensure-class-UC
finalize-inheritance
mop-chap.html#finalize-inheritance
mop-make-instance
mop-chap.html#mop-make-instance
alloc-instance
mop-chap.html#alloc-instance
validate-superclass
mop-chap.html#validate-superclass
compute-dsd-initargs
mop-chap.html#compute-dsd-initargs
dsd-class
mop-chap.html#dsd-class
compute-cpl
mop-chap.html#compute-cpl
compute-slots
mop-chap.html#compute-slots
compute-esd
mop-chap.html#compute-esd
compute-esd-initargs
mop-chap.html#compute-esd-initargs
esd-class
mop-chap.html#esd-class
compute-default-initargs
mop-chap.html#compute-default-initargs
mop-cl-dep
mop-chap.html#mop-cl-dep
add-direct-subclass
mop-chap.html#add-direct-subclass
remove-direct-subclass
mop-chap.html#remove-direct-subclass
mop-sd
mop-chap.html#mop-sd
mop-sd-inheritance
mop-chap.html#mop-sd-inheritance
mop-sd-inheritance-fig
mop-chap.html#mop-sd-inheritance-fig
mop-sd-readers
mop-chap.html#mop-sd-readers
mop-sd-readers-GFs
mop-chap.html#mop-sd-readers-GFs
slotdef-name
mop-chap.html#slotdef-name
slotdef-allocation
mop-chap.html#slotdef-allocation
slotdef-initform
mop-chap.html#slotdef-initform
slotdef-initfunction
mop-chap.html#slotdef-initfunction
slotdef-type
mop-chap.html#slotdef-type
slotdef-initargs
mop-chap.html#slotdef-initargs
slotd-mo-readers-methods
mop-chap.html#slotd-mo-readers-methods
slotd-mo-readers-dsd
mop-chap.html#slotd-mo-readers-dsd
slotdef-readers
mop-chap.html#slotdef-readers
slotdef-writers
mop-chap.html#slotdef-writers
slotd-mo-readers-esd
mop-chap.html#slotd-mo-readers-esd
slotdef-location
mop-chap.html#slotdef-location
mop-sd-init
mop-chap.html#mop-sd-init
slotd-mo-initargs
mop-chap.html#slotd-mo-initargs
slotdef-mo-methods
mop-chap.html#slotdef-mo-methods
mop-gf
mop-chap.html#mop-gf
mop-gf-inheritance
mop-chap.html#mop-gf-inheritance
mop-gf-inheritance-fig
mop-chap.html#mop-gf-inheritance-fig
mop-gf-readers
mop-chap.html#mop-gf-readers
gf-name
mop-chap.html#gf-name
gf-methods
mop-chap.html#gf-methods
gf-lambda-list
mop-chap.html#gf-lambda-list
gf-argument-precedence-order
mop-chap.html#gf-argument-precedence-order
gf-declarations
mop-chap.html#gf-declarations
gf-method-class
mop-chap.html#gf-method-class
gf-method-combination
mop-chap.html#gf-method-combination
gf-name-methods
mop-chap.html#gf-name-methods
mop-gf-init
mop-chap.html#mop-gf-init
mop-gf-init-defgeneric
mop-chap.html#mop-gf-init-defgeneric
mop-defgeneric-user-options
mop-chap.html#mop-defgeneric-user-options
mop-gf-invocation
mop-chap.html#mop-gf-invocation
mop-gf-init-mo
mop-chap.html#mop-gf-init-mo
gf-mo-initargs
mop-chap.html#gf-mo-initargs
gf-mo-init-methods
mop-chap.html#gf-mo-init-methods
mop-gf-customize
mop-chap.html#mop-gf-customize
setf-gf-name
mop-chap.html#setf-gf-name
ensure-gf
mop-chap.html#ensure-gf
ensure-gf-UC
mop-chap.html#ensure-gf-UC
add-method
mop-chap.html#add-method
mop-remove-method
mop-chap.html#mop-remove-method
compute-applicable-methods
mop-chap.html#compute-applicable-methods
mop-cam-remarks
mop-chap.html#mop-cam-remarks
compute-applicable-methods-UC
mop-chap.html#compute-applicable-methods-UC
mop-cam-UC-remarks
mop-chap.html#mop-cam-UC-remarks
compute-effective-method
mop-chap.html#compute-effective-method
compute-effective-method-as-function
mop-chap.html#compute-effective-method-as-function
make-method-lambda
mop-chap.html#make-method-lambda
no-make-method-lambda
mop-chap.html#no-make-method-lambda
method-functions-args
mop-chap.html#method-functions-args
compute-discriminating-function
mop-chap.html#compute-discriminating-function
mop-meth
mop-chap.html#mop-meth
mop-meth-inheritance
mop-chap.html#mop-meth-inheritance
mop-meth-inheritance-fig
mop-chap.html#mop-meth-inheritance-fig
mop-meth-mo-readers
mop-chap.html#mop-meth-mo-readers
method-specializers
mop-chap.html#method-specializers
method-qualifiers
mop-chap.html#method-qualifiers
method-lambda-list
mop-chap.html#method-lambda-list
method-gf
mop-chap.html#method-gf
method-function
mop-chap.html#method-function
mop-meth-mo-readers-methods
mop-chap.html#mop-meth-mo-readers-methods
mop-meth-init
mop-chap.html#mop-meth-init
mop-meth-init-defmethod
mop-chap.html#mop-meth-init-defmethod
defmethod-ex-1
mop-chap.html#defmethod-ex-1
mop-meth-init-defmethod-body
mop-chap.html#mop-meth-init-defmethod-body
defmethod-ex-2
mop-chap.html#defmethod-ex-2
mop-meth-init-defmethod-mo
mop-chap.html#mop-meth-init-defmethod-mo
mop-meth-efficiency
mop-chap.html#mop-meth-efficiency
mop-meth-init-mo
mop-chap.html#mop-meth-init-mo
mop-meth-initargs
mop-chap.html#mop-meth-initargs
mop-meth-init-mo-method
mop-chap.html#mop-meth-init-mo-method
mop-meth-customize
mop-chap.html#mop-meth-customize
extract-lambda-list
mop-chap.html#extract-lambda-list
extract-specializer-names
mop-chap.html#extract-specializer-names
mop-accessors
mop-chap.html#mop-accessors
mop-acc-readers
mop-chap.html#mop-acc-readers
accessor-method-slotdef
mop-chap.html#accessor-method-slotdef
mop-acc-customize
mop-chap.html#mop-acc-customize
reader-method-class
mop-chap.html#reader-method-class
writer-method-class
mop-chap.html#writer-method-class
mop-specializers
mop-chap.html#mop-specializers
mop-specializers-inheritance
mop-chap.html#mop-specializers-inheritance
mop-specializers-inheritance-fig
mop-chap.html#mop-specializers-inheritance-fig
mop-spec-readers
mop-chap.html#mop-spec-readers
eql-specializer-object
mop-chap.html#eql-specializer-object
mop-spec-init
mop-chap.html#mop-spec-init
intern-eql-specializer
mop-chap.html#intern-eql-specializer
mop-spec-dep
mop-chap.html#mop-spec-dep
specializer-direct-methods
mop-chap.html#specializer-direct-methods
specializer-direct-gfs
mop-chap.html#specializer-direct-gfs
add-direct-method
mop-chap.html#add-direct-method
remove-direct-method
mop-chap.html#remove-direct-method
mop-meth-comb
mop-chap.html#mop-meth-comb
mop-meth-comb-inheritance
mop-chap.html#mop-meth-comb-inheritance
mop-meth-comb-inheritance-fig
mop-chap.html#mop-meth-comb-inheritance-fig
mop-meth-comb-customize
mop-chap.html#mop-meth-comb-customize
find-method-combination
mop-chap.html#find-method-combination
mop-slot-access
mop-chap.html#mop-slot-access
mop-sa-instance-stuct
mop-chap.html#mop-sa-instance-stuct
mop-sa-instance-stuct-table
mop-chap.html#mop-sa-instance-stuct-table
mop-sa-funcallable
mop-chap.html#mop-sa-funcallable
mop-sa-customize
mop-chap.html#mop-sa-customize
standard-instance-access
mop-chap.html#standard-instance-access
funcallable-standard-instance-access
mop-chap.html#funcallable-standard-instance-access
set-fif
mop-chap.html#set-fif
slot-value-UC
mop-chap.html#slot-value-UC
setf-slot-value-UC
mop-chap.html#setf-slot-value-UC
slot-boundp-UC
mop-chap.html#slot-boundp-UC
slot-makunbound-UC
mop-chap.html#slot-makunbound-UC
mop-dep-maint
mop-chap.html#mop-dep-maint
mop-dep-maint-protocol
mop-chap.html#mop-dep-maint-protocol
update-dependent
mop-chap.html#update-dependent
add-dependent
mop-chap.html#add-dependent
remove-dependent
mop-chap.html#remove-dependent
map-dependents
mop-chap.html#map-dependents
mop-clisp
mop-chap.html#mop-clisp
mop-not-in-clisp
mop-chap.html#mop-not-in-clisp
mop-clisp-different
mop-chap.html#mop-clisp-different
mop-clisp-ext
mop-chap.html#mop-clisp-ext
gray
gray.html
fu-st
gray.html#fu-st
fu-st-in
gray.html#fu-st-in
fu-st-out
gray.html#fu-st-out
fu-st-char
gray.html#fu-st-char
fu-st-bin
gray.html#fu-st-bin
st-rc
gray.html#st-rc
st-uc
gray.html#st-uc
st-rcnh
gray.html#st-rcnh
st-wc
gray.html#st-wc
st-lc
gray.html#st-lc
st-rb
gray.html#st-rb
st-rbla
gray.html#st-rbla
fill-stream
gray.html#fill-stream
ex-fill-stream
gray.html#ex-fill-stream
ext-p-indep
ext-p-indep.html
custom-init-fini
custom-init-fini.html
cradle-grave
custom-init-fini.html#cradle-grave
init-hooks
custom-init-fini.html#init-hooks
fini-hooks
custom-init-fini.html#fini-hooks
image
image.html
image-portability
image.html#image-portability
quit
quit.html
i18n
i18n.html
language
i18n.html#language
curr-lang
i18n.html#curr-lang
curr-lang-i
i18n.html#curr-lang-i
deflang
i18n.html#deflang
deflang-i
i18n.html#deflang-i
def-i-l
i18n.html#def-i-l
def-i-l-i
i18n.html#def-i-l-i
defloc
i18n.html#defloc
defloc-i
i18n.html#defloc-i
localized
i18n.html#localized
localized-i
i18n.html#localized-i
encoding
encoding.html
encodings-intro
encoding.html#encodings-intro
charset
encoding.html#charset
charset-symbols
encoding.html#charset-symbols
charset-symbol-list
encoding.html#charset-symbol-list
charset-UCS-2
encoding.html#charset-UCS-2
charset-UNICODE-16-LITTLE-ENDIAN
encoding.html#charset-UNICODE-16-LITTLE-ENDIAN
charset-UCS-4
encoding.html#charset-UCS-4
charset-UNICODE-32-LITTLE-ENDIAN
encoding.html#charset-UNICODE-32-LITTLE-ENDIAN
charset-UTF-8
encoding.html#charset-UTF-8
charset-UTF-16
encoding.html#charset-UTF-16
charset-UTF-7
encoding.html#charset-UTF-7
charset-JAVA
encoding.html#charset-JAVA
charset-ASCII
encoding.html#charset-ASCII
charset-ISO-8859-1
encoding.html#charset-ISO-8859-1
charset-ISO-8859-2
encoding.html#charset-ISO-8859-2
charset-ISO-8859-3
encoding.html#charset-ISO-8859-3
charset-ISO-8859-4
encoding.html#charset-ISO-8859-4
charset-ISO-8859-5
encoding.html#charset-ISO-8859-5
charset-ISO-8859-6
encoding.html#charset-ISO-8859-6
charset-ISO-8859-7
encoding.html#charset-ISO-8859-7
charset-ISO-8859-8
encoding.html#charset-ISO-8859-8
charset-ISO-8859-9
encoding.html#charset-ISO-8859-9
charset-ISO-8859-10
encoding.html#charset-ISO-8859-10
charset-ISO-8859-13
encoding.html#charset-ISO-8859-13
charset-ISO-8859-14
encoding.html#charset-ISO-8859-14
charset-ISO-8859-15
encoding.html#charset-ISO-8859-15
charset-ISO-8859-16
encoding.html#charset-ISO-8859-16
charset-KOI8-R
encoding.html#charset-KOI8-R
charset-KOI8-U
encoding.html#charset-KOI8-U
charset-KOI8-RU
encoding.html#charset-KOI8-RU
charset-MAC-ARABIC
encoding.html#charset-MAC-ARABIC
charset-MAC-CENTRAL-EUROPE
encoding.html#charset-MAC-CENTRAL-EUROPE
charset-MAC-CROATIAN
encoding.html#charset-MAC-CROATIAN
charset-MAC-CYRILLIC
encoding.html#charset-MAC-CYRILLIC
charset-MAC-DINGBAT
encoding.html#charset-MAC-DINGBAT
charset-MAC-GREEK
encoding.html#charset-MAC-GREEK
charset-MAC-HEBREW
encoding.html#charset-MAC-HEBREW
charset-MAC-ICELAND
encoding.html#charset-MAC-ICELAND
charset-MAC-ROMAN
encoding.html#charset-MAC-ROMAN
charset-MAC-ROMANIA
encoding.html#charset-MAC-ROMANIA
charset-MAC-SYMBOL
encoding.html#charset-MAC-SYMBOL
charset-MAC-THAI
encoding.html#charset-MAC-THAI
charset-MAC-TURKISH
encoding.html#charset-MAC-TURKISH
charset-MAC-UKRAINE
encoding.html#charset-MAC-UKRAINE
charset-CP437
encoding.html#charset-CP437
charset-CP437-IBM
encoding.html#charset-CP437-IBM
charset-CP737
encoding.html#charset-CP737
charset-CP775
encoding.html#charset-CP775
charset-CP850
encoding.html#charset-CP850
charset-CP852
encoding.html#charset-CP852
charset-CP852-IBM
encoding.html#charset-CP852-IBM
charset-CP855
encoding.html#charset-CP855
charset-CP857
encoding.html#charset-CP857
charset-CP860
encoding.html#charset-CP860
charset-CP860-IBM
encoding.html#charset-CP860-IBM
charset-CP861
encoding.html#charset-CP861
charset-CP861-IBM
encoding.html#charset-CP861-IBM
charset-CP862
encoding.html#charset-CP862
charset-CP862-IBM
encoding.html#charset-CP862-IBM
charset-CP863
encoding.html#charset-CP863
charset-CP863-IBM
encoding.html#charset-CP863-IBM
charset-CP864
encoding.html#charset-CP864
charset-CP864-IBM
encoding.html#charset-CP864-IBM
charset-CP865
encoding.html#charset-CP865
charset-CP865-IBM
encoding.html#charset-CP865-IBM
charset-CP866
encoding.html#charset-CP866
charset-CP869
encoding.html#charset-CP869
charset-CP869-IBM
encoding.html#charset-CP869-IBM
charset-CP874
encoding.html#charset-CP874
charset-CP874-IBM
encoding.html#charset-CP874-IBM
charset-WINDOWS-1250
encoding.html#charset-WINDOWS-1250
charset-WINDOWS-1251
encoding.html#charset-WINDOWS-1251
charset-WINDOWS-1252
encoding.html#charset-WINDOWS-1252
charset-WINDOWS-1253
encoding.html#charset-WINDOWS-1253
charset-WINDOWS-1254
encoding.html#charset-WINDOWS-1254
charset-WINDOWS-1255
encoding.html#charset-WINDOWS-1255
charset-WINDOWS-1256
encoding.html#charset-WINDOWS-1256
charset-WINDOWS-1257
encoding.html#charset-WINDOWS-1257
charset-WINDOWS-1258
encoding.html#charset-WINDOWS-1258
charset-HP-ROMAN8
encoding.html#charset-HP-ROMAN8
charset-NEXTSTEP
encoding.html#charset-NEXTSTEP
charset-EUC-JP
encoding.html#charset-EUC-JP
charset-SHIFT-JIS
encoding.html#charset-SHIFT-JIS
charset-CP932
encoding.html#charset-CP932
charset-ISO-2022-JP
encoding.html#charset-ISO-2022-JP
charset-ISO-2022-JP-2
encoding.html#charset-ISO-2022-JP-2
charset-ISO-2022-JP-1
encoding.html#charset-ISO-2022-JP-1
charset-EUC-CN
encoding.html#charset-EUC-CN
charset-HZ
encoding.html#charset-HZ
charset-GBK
encoding.html#charset-GBK
charset-CP936
encoding.html#charset-CP936
charset-GB18030
encoding.html#charset-GB18030
charset-EUC-TW
encoding.html#charset-EUC-TW
charset-BIG5
encoding.html#charset-BIG5
charset-CP950
encoding.html#charset-CP950
charset-BIG5-HKSCS
encoding.html#charset-BIG5-HKSCS
charset-ISO-2022-CN
encoding.html#charset-ISO-2022-CN
charset-ISO-2022-CN-EXT
encoding.html#charset-ISO-2022-CN-EXT
charset-EUC-KR
encoding.html#charset-EUC-KR
charset-CP949
encoding.html#charset-CP949
charset-ISO-2022-KR
encoding.html#charset-ISO-2022-KR
charset-JOHAB
encoding.html#charset-JOHAB
charset-ARMSCII-8
encoding.html#charset-ARMSCII-8
charset-GEORGIAN-ACADEMY
encoding.html#charset-GEORGIAN-ACADEMY
charset-GEORGIAN-PS
encoding.html#charset-GEORGIAN-PS
charset-TIS-620
encoding.html#charset-TIS-620
charset-MULELAO-1
encoding.html#charset-MULELAO-1
charset-CP1133
encoding.html#charset-CP1133
charset-VISCII
encoding.html#charset-VISCII
charset-TCVN
encoding.html#charset-TCVN
iconv
encoding.html#iconv
newline
encoding.html#newline
make-encoding
encoding.html#make-encoding
enc-charset
encoding.html#enc-charset
enc-dflt
encoding.html#enc-dflt
def-file-enc
encoding.html#def-file-enc
path-enc
encoding.html#path-enc
path-enc-i
encoding.html#path-enc-i
term-enc
encoding.html#term-enc
term-enc-i
encoding.html#term-enc-i
misc-enc
encoding.html#misc-enc
misc-enc-i
encoding.html#misc-enc-i
foreign-enc
encoding.html#foreign-enc
foreign-enc-i
encoding.html#foreign-enc-i
string-byte
encoding.html#string-byte
gstream
gstream.html
weak
weak.html
weak-pointer
weak.html#weak-pointer
weak-list
weak.html#weak-list
weak-and-relation
weak.html#weak-and-relation
weak-or-relation
weak.html#weak-or-relation
weak-mapping
weak.html#weak-mapping
weak-and-mapping
weak.html#weak-and-mapping
weak-or-mapping
weak.html#weak-or-mapping
weak-alist
weak.html#weak-alist
weak-ht
weak.html#weak-ht
final
final.html
prompt
prompt.html
prompt-start
prompt.html#prompt-start
prompt-step
prompt.html#prompt-step
prompt-break
prompt.html#prompt-break
prompt-body
prompt.html#prompt-body
prompt-finish
prompt.html#prompt-finish
break-level
prompt.html#break-level
step-level
prompt.html#step-level
prompt-new-package
prompt.html#prompt-new-package
package-shortest-name
prompt.html#package-shortest-name
command-index
prompt.html#command-index
ansi
ansi.html
macros3
macros3.html
ethe
macros3.html#ethe
letf
macros3.html#letf
memoized
macros3.html#memoized
with-collect
macros3.html#with-collect
with-gensyms
macros3.html#with-gensyms
remove-plist
macros3.html#remove-plist
html-http-output
macros3.html#html-http-output
customize
customize.html
code-walk
code-walk.html
ext-platform
ext-platform.html
screen
screen.html
scr-win
screen.html#scr-win
scr-win-i
screen.html#scr-win-i
modules
modules.html
mod-win32
modules.html#mod-win32
mod-overview
modules.html#mod-overview
module
modules.html#module
module-i
modules.html#module-i
linkset
modules.html#linkset
linkseti
modules.html#linkseti
linkset-i
modules.html#linkset-i
modset
modules.html#modset
modseti
modules.html#modseti
modset-i
modules.html#modset-i
mod-load
modules.html#mod-load
mod-preload
modules.html#mod-preload
modinit
modules.html#modinit
modfini
modules.html#modfini
modinfo
modules.html#modinfo
mod-dynload
modules.html#mod-dynload
mod-set-example
modules.html#mod-set-example
module-tools
modules.html#module-tools
modprep
modules.html#modprep
clisp-h
modules.html#clisp-h
exporting
modules.html#exporting
included-modules
modules.html#included-modules
base-modules
modules.html#base-modules
dffi
dffi.html
dffi-overview
dffi.html#dffi-overview
def-c-type
dffi.html#def-c-type
def-c-var
dffi.html#def-c-var
def-c-var-opts
dffi.html#def-c-var-opts
def-call-out
dffi.html#def-call-out
def-call-out-opts
dffi.html#def-call-out-opts
def-call-in
dffi.html#def-call-in
def-call-in-opts
dffi.html#def-call-in-opts
def-c-call-out
dffi.html#def-c-call-out
def-c-call-in
dffi.html#def-c-call-in
dffi-close-lib
dffi.html#dffi-close-lib
def-c-struct
dffi.html#def-c-struct
def-c-struct-opts
dffi.html#def-c-struct-opts
def-c-struct-typedef
dffi.html#def-c-struct-typedef
def-c-struct-external
dffi.html#def-c-struct-external
def-c-enum
dffi.html#def-c-enum
c-lines
dffi.html#c-lines
element
dffi.html#element
deref
dffi.html#deref
slot
dffi.html#slot
cast
dffi.html#cast
offset
dffi.html#offset
c-var-addr
dffi.html#c-var-addr
c-var-object
dffi.html#c-var-object
typeof
dffi.html#typeof
sizeof
dffi.html#sizeof
bitsizeof
dffi.html#bitsizeof
fa-null
dffi.html#fa-null
faddr-u
dffi.html#faddr-u
faddr
dffi.html#faddr
dffi-make-var
dffi.html#dffi-make-var
dffi-make-func
dffi.html#dffi-make-func
validp
dffi.html#validp
fptr
dffi.html#fptr
foreign-stack
dffi.html#foreign-stack
foreign-value
dffi.html#foreign-value
foreign-stack-string
dffi.html#foreign-stack-string
c-type-parse
dffi.html#c-type-parse
foreign-heap
dffi.html#foreign-heap
with-c-place
dffi.html#with-c-place
ffi-extern-output
dffi.html#ffi-extern-output
dffi-low
dffi.html#dffi-low
memory-as
dffi.html#memory-as
dffi-types
dffi.html#dffi-types
simple-c-type
dffi.html#simple-c-type
simple-c-type-tab
dffi.html#simple-c-type-tab
c-pointer
dffi.html#c-pointer
c-string
dffi.html#c-string
c-struct
dffi.html#c-struct
c-union
dffi.html#c-union
c-array
dffi.html#c-array
c-array-max
dffi.html#c-array-max
c-function
dffi.html#c-function
c-ptr
dffi.html#c-ptr
c-ptr-null
dffi.html#c-ptr-null
c-array-ptr
dffi.html#c-array-ptr
c-flavor
dffi.html#c-flavor
dflt-ffi-lang
dffi.html#dflt-ffi-lang
dflt-ffi-lang-i
dffi.html#dflt-ffi-lang-i
dffi-variables
dffi.html#dffi-variables
dffi-places
dffi.html#dffi-places
dffi-functions
dffi.html#dffi-functions
allocation
dffi.html#allocation
dffi-allocation-out
dffi.html#dffi-allocation-out
dffi-allocation-in
dffi.html#dffi-allocation-in
ffi-struct-arg
dffi.html#ffi-struct-arg
param-mode
dffi.html#param-mode
dffi-examples
dffi.html#dffi-examples
dffi-simple
dffi.html#dffi-simple
dffi-extern-var
dffi.html#dffi-extern-var
dffi-extern-func1
dffi.html#dffi-extern-func1
dffi-extern-func2
dffi.html#dffi-extern-func2
ex-call-in
dffi.html#ex-call-in
ex-call-in-dll
dffi.html#ex-call-in-dll
dffi-gethostname
dffi.html#dffi-gethostname
dffi-dll-var
dffi.html#dffi-dll-var
ex-dffi-validity
dffi.html#ex-dffi-validity
ex-dffi-float
dffi.html#ex-dffi-float
dffi-ex-more
dffi.html#dffi-ex-more
affi
affi.html
affi-design
affi.html#affi-design
affi-overview
affi.html#affi-overview
affi-libs
affi.html#affi-libs
affi-types
affi.html#affi-types
affi-types-tab
affi.html#affi-types-tab
affi-functions
affi.html#affi-functions
affi-dec-lib-fun-opt-bnf
affi.html#affi-dec-lib-fun-opt-bnf
affi-memory-access
affi.html#affi-memory-access
affi-func-def
affi.html#affi-func-def
affi-hints
affi.html#affi-hints
affi-caveats
affi.html#affi-caveats
affi-examples
affi.html#affi-examples
affi-ex-1-predefined
affi.html#affi-ex-1-predefined
affi-ex-2-flibcall
affi.html#affi-ex-2-flibcall
affi-ex-3-dynamic
affi.html#affi-ex-3-dynamic
affi-ex-4-sample
affi.html#affi-ex-4-sample
socket
socket.html
sose
socket.html#sose
sose-close
socket.html#sose-close
sose-hopo
socket.html#sose-hopo
so-wait
socket.html#so-wait
timeout-opt
socket.html#timeout-opt
so-accept
socket.html#so-accept
timeout-k
socket.html#timeout-k
so-connect
socket.html#so-connect
so-status
socket.html#so-status
so-status-values
socket.html#so-status-values
so-status-i-o
socket.html#so-status-i-o
sost-hopo
socket.html#sost-hopo
service-port
socket.html#service-port
sost-peer
socket.html#sost-peer
sost-local
socket.html#sost-local
sost-shut
socket.html#sost-shut
so-opt
socket.html#so-opt
quickstart
quickstart.html
quickstart-summary
quickstart.html#quickstart-summary
quickstart-unix
quickstart.html#quickstart-unix
script-exec
quickstart.html#script-exec
script-bad
quickstart.html#script-bad
quickstart-desktop
quickstart.html#quickstart-desktop
quickstart-desktop-win32
quickstart.html#quickstart-desktop-win32
quickstart-linux
quickstart.html#quickstart-linux
app-dev
app-dev.html
shell
shell.html
exec
shell.html#exec
run-prog
shell.html#run-prog
pipe
shell.html#pipe
deadlock
shell.html#deadlock
hardcopy
shell.html#hardcopy
with-print
shell.html#with-print
with-print-i
shell.html#with-print-i
getenv
getenv.html
ext-modules
ext-modules.html
matlab
matlab.html
matlab-matfile-content
matlab.html#matlab-matfile-content
matlab-command
matlab.html#matlab-command
matlab-engine-v
matlab.html#matlab-engine-v
matlab-engine-f
matlab.html#matlab-engine-f
matlab-with-engine
matlab.html#matlab-with-engine
matlab-with-MATfile
matlab.html#matlab-with-MATfile
copy-lisp-to-mxArray
matlab.html#copy-lisp-to-mxArray
copy-lisp-to-matlab
matlab.html#copy-lisp-to-matlab
copy-mxArray-to-lisp
matlab.html#copy-mxArray-to-lisp
copy-matlab-to-lisp
matlab.html#copy-matlab-to-lisp
matlab-invert-matrix
matlab.html#matlab-invert-matrix
netica
netica.html
dir-key
dir-key.html
dir-key-type
dir-key.html#dir-key-type
dir-key-open
dir-key.html#dir-key-open
dir-key-close
dir-key.html#dir-key-close
with-dir-key-open
dir-key.html#with-dir-key-open
with-dir-key-search
dir-key.html#with-dir-key-search
berkeley-db
berkeley-db.html
bdb-objects
berkeley-db.html#bdb-objects
bdb-close
berkeley-db.html#bdb-close
bdb-db-environment
berkeley-db.html#bdb-db-environment
dbe-create
berkeley-db.html#dbe-create
dbe-open
berkeley-db.html#dbe-open
with-dbe
berkeley-db.html#with-dbe
bdb-environment-config
berkeley-db.html#bdb-environment-config
dbe-set-options
berkeley-db.html#dbe-set-options
dbe-get-options
berkeley-db.html#dbe-get-options
bdb-operations
berkeley-db.html#bdb-operations
db-create
berkeley-db.html#db-create
db-open
berkeley-db.html#db-open
with-db
berkeley-db.html#with-db
bdb-db-config
berkeley-db.html#bdb-db-config
db-set-options
berkeley-db.html#db-set-options
db-get-options
berkeley-db.html#db-get-options
bdb-cursor
berkeley-db.html#bdb-cursor
make-dbc
berkeley-db.html#make-dbc
bdb-lock
berkeley-db.html#bdb-lock
bdb-log
berkeley-db.html#bdb-log
bdb-log-cursor
berkeley-db.html#bdb-log-cursor
bdb-log-seq
berkeley-db.html#bdb-log-seq
bdb-mem-pool
berkeley-db.html#bdb-mem-pool
bdb-replication
berkeley-db.html#bdb-replication
bdb-sequences
berkeley-db.html#bdb-sequences
bdb-transaction
berkeley-db.html#bdb-transaction
regexp-mod
regexp-mod.html
re-api
regexp-mod.html#re-api
re-match
regexp-mod.html#re-match
ex-re-match
regexp-mod.html#ex-re-match
re-match-access
regexp-mod.html#re-match-access
re-match-string
regexp-mod.html#re-match-string
re-regexp-quote
regexp-mod.html#re-regexp-quote
ex-re-quote
regexp-mod.html#ex-re-quote
re-regexp-compile
regexp-mod.html#re-regexp-compile
re-regexp-exec
regexp-mod.html#re-regexp-exec
re-regexp-split
regexp-mod.html#re-regexp-split
re-with-loop-split
regexp-mod.html#re-with-loop-split
re-cflags
regexp-mod.html#re-cflags
re-eflags
regexp-mod.html#re-eflags
re-matcher
regexp-mod.html#re-matcher
re-example
regexp-mod.html#re-example
pari
pari.html
pcre
pcre.html
pcre-api
pcre.html#pcre-api
pcre-version
pcre.html#pcre-version
pcre-config
pcre.html#pcre-config
pcre-compile
pcre.html#pcre-compile
pattern-info
pcre.html#pattern-info
pcre-name-to-index
pcre.html#pcre-name-to-index
pcre-exec
pcre.html#pcre-exec
pcre-match-access
pcre.html#pcre-match-access
match-substring
pcre.html#match-substring
match-strings
pcre.html#match-strings
match-string
pcre.html#match-string
pcre-matcher
pcre.html#pcre-matcher
postgresql
postgresql.html
i18n-mod
i18n-mod.html
ggettext
i18n-mod.html#ggettext
gettext
i18n-mod.html#gettext
ngettext
i18n-mod.html#ngettext
domain
i18n-mod.html#domain
textdomain
i18n-mod.html#textdomain
textdomaindir
i18n-mod.html#textdomaindir
category
i18n-mod.html#category
i18n-example
i18n-mod.html#i18n-example
i18n-non-i
i18n-mod.html#i18n-non-i
i18n-i
i18n-mod.html#i18n-i
i18n-i-abbrev
i18n-mod.html#i18n-i-abbrev
i18n-pot
i18n-mod.html#i18n-pot
i18n-fr-po
i18n-mod.html#i18n-fr-po
i18n-locale
i18n-mod.html#i18n-locale
set-locale
i18n-mod.html#set-locale
locale-conv
i18n-mod.html#locale-conv
lang-info
i18n-mod.html#lang-info
syscalls
syscalls.html
resolve-host
syscalls.html#resolve-host
file-stat
syscalls.html#file-stat
set-file-stat
syscalls.html#set-file-stat
stat-vfs
syscalls.html#stat-vfs
file-info
syscalls.html#file-info
rlimit
syscalls.html#rlimit
set-rlimit
syscalls.html#set-rlimit
usage
syscalls.html#usage
stream-lock
syscalls.html#stream-lock
with-stream-lock
syscalls.html#with-stream-lock
mknod
syscalls.html#mknod
convert-modes
syscalls.html#convert-modes
umask
syscalls.html#umask
copy-file
syscalls.html#copy-file
dup-handle
syscalls.html#dup-handle
encrypt
syscalls.html#encrypt
phys-mem
syscalls.html#phys-mem
file-owner
syscalls.html#file-owner
priority
syscalls.html#priority
process-id
syscalls.html#process-id
openlog
syscalls.html#openlog
setlogmask
syscalls.html#setlogmask
syslog
syscalls.html#syslog
closelog
syscalls.html#closelog
kill
syscalls.html#kill
getpgrp
syscalls.html#getpgrp
setpgrp
syscalls.html#setpgrp
getsid
syscalls.html#getsid
setsid
syscalls.html#setsid
setpgid
syscalls.html#setpgid
endutxent
syscalls.html#endutxent
getutxent
syscalls.html#getutxent
getutxid
syscalls.html#getutxid
getutxline
syscalls.html#getutxline
pututxline
syscalls.html#pututxline
setutxent
syscalls.html#setutxent
mkstemp
syscalls.html#mkstemp
mkdtemp
syscalls.html#mkdtemp
sync
syscalls.html#sync
mk-xterm-io
syscalls.html#mk-xterm-io
oracle
oracle.html
ora-functionality
oracle.html#ora-functionality
ora-connect
oracle.html#ora-connect
ora-example
oracle.html#ora-example
ora-config
oracle.html#ora-config
ora-build
oracle.html#ora-build
fastcgi
fastcgi.html
fcgi-overview
fastcgi.html#fcgi-overview
fcgi-functionality
fastcgi.html#fcgi-functionality
fcgi-example
fastcgi.html#fcgi-example
fcgi-build
fastcgi.html#fcgi-build
rawsock
rawsock.html
rawsock-use-sockets
rawsock.html#rawsock-use-sockets
rawsock-not-streams
rawsock.html#rawsock-not-streams
rawsock-add-on
rawsock.html#rawsock-add-on
wildcard
wildcard.html
wildcard-match
wildcard.html#wildcard-match
wildcard-matcher
wildcard.html#wildcard-matcher
wildcard-syntax
wildcard.html#wildcard-syntax
zlib
zlib.html
internals
internals.html
source-files
source-files.html
src-file-types
src-file-types.html
src-preprocessing
src-preprocessing.html
src-files
src-files.html
src-unpreproc-C
src-files.html#src-unpreproc-C
src-includes
src-files.html#src-includes
fsubr-d
src-files.html#fsubr-d
subr-d
src-files.html#subr-d
constsym-d
src-files.html#constsym-d
constobj-d
src-files.html#constobj-d
src-modules
src-files.html#src-modules
spvw-d
src-files.html#spvw-d
subrkw-d
src-files.html#subrkw-d
eval-d
src-files.html#eval-d
bytecode-d
src-files.html#bytecode-d
src-arith
src-files.html#src-arith
src-ari-asm
src-files.html#src-ari-asm
src-asm-sp
src-files.html#src-asm-sp
src-asm-misc
src-files.html#src-asm-misc
src-lisp
src-files.html#src-lisp
init-lisp
src-files.html#init-lisp
floatprint-lisp
src-files.html#floatprint-lisp
macros3-lisp
src-files.html#macros3-lisp
config-lisp
src-files.html#config-lisp
inspect-lisp
src-files.html#inspect-lisp
exporting-lisp
src-files.html#exporting-lisp
src-ext-mod
src-files.html#src-ext-mod
src-doc
src-files.html#src-doc
src-news
src-files.html#src-news
src-i18n
src-files.html#src-i18n
src-conf-unix
src-files.html#src-conf-unix
gc
gc.html
internals-intro
internals-intro.html
lisp-obj-in-c
lisp-obj-in-c.html
immediate-o
lisp-obj-in-c.html#immediate-o
typecodes
typecodes.html
memory-models
memory-models.html
mem-models-comb-typecodes
memory-models.html#mem-models-comb-typecodes
mem-models-comb-heapcodes
memory-models.html#mem-models-comb-heapcodes
gc-safety
gc-safety.html
clisp-config-gxx
gc-safety.html#clisp-config-gxx
foreign-pointers
foreign-pointers.html
extend
extend.html
add-fun
add-fun.html
add-var
add-var.html
recompile
recompile.html
byte-version
recompile.html#byte-version
bytecode
bytecode.html
byte-intro
byte-intro.html
vm
vm.html
comp-fun
comp-fun.html
func-name
comp-fun.html#func-name
func-codevec
comp-fun.html#func-codevec
intr-struct
intr-struct.html
intr-set
intr-set.html
instr-const
intr-set.html#instr-const
instr-const-tab
intr-set.html#instr-const-tab
instr-lex-var
intr-set.html#instr-lex-var
instr-lex-var-tab
intr-set.html#instr-lex-var-tab
instr-dyn-var
intr-set.html#instr-dyn-var
instr-dyn-var-tab
intr-set.html#instr-dyn-var-tab
instr-stack
intr-set.html#instr-stack
instr-stack-tab
intr-set.html#instr-stack-tab
instr-jump
intr-set.html#instr-jump
instr-jump-tab
intr-set.html#instr-jump-tab
instr-env
intr-set.html#instr-env
instr-env-tab
intr-set.html#instr-env-tab
instr-funcall
intr-set.html#instr-funcall
instr-funcall-tab
intr-set.html#instr-funcall-tab
instr-optkey
intr-set.html#instr-optkey
instr-optkey-tab
intr-set.html#instr-optkey-tab
instr-mulval
intr-set.html#instr-mulval
instr-mulval-tab
intr-set.html#instr-mulval-tab
instr-block
intr-set.html#instr-block
instr-block-tab
intr-set.html#instr-block-tab
instr-tagbody
intr-set.html#instr-tagbody
instr-tagbody-tab
intr-set.html#instr-tagbody-tab
instr-catch
intr-set.html#instr-catch
instr-catch-tab
intr-set.html#instr-catch-tab
instr-unwind
intr-set.html#instr-unwind
instr-unwind-tab
intr-set.html#instr-unwind-tab
instr-handler
intr-set.html#instr-handler
instr-handler-tab
intr-set.html#instr-handler-tab
instr-inline
intr-set.html#instr-inline
instr-inline-tab
intr-set.html#instr-inline-tab
instr-combo
intr-set.html#instr-combo
instr-combo-tab
intr-set.html#instr-combo-tab
instr-shortcut
intr-set.html#instr-shortcut
instr-shortcut-tab
intr-set.html#instr-shortcut-tab
bytecode-design
bytecode-design.html
byte-when-add-q
bytecode-design.html#byte-when-add-q
byte-when-add-a
bytecode-design.html#byte-when-add-a
byte-jmptail-q
bytecode-design.html#byte-jmptail-q
byte-jmptail-a
bytecode-design.html#byte-jmptail-a
gfdl
gfdl.html
gfdl-legalnotice
ln-gfdl-legalnotice.html
gfdl-0
gfdl-0.html
gfdl-1
gfdl-1.html
gfdl-doc
gfdl-1.html#gfdl-doc
gfdl-mod-ver
gfdl-1.html#gfdl-mod-ver
gfdl-secnd-sect
gfdl-1.html#gfdl-secnd-sect
gfdl-inv-sect
gfdl-1.html#gfdl-inv-sect
gfdl-cov-text
gfdl-1.html#gfdl-cov-text
gfdl-transparent
gfdl-1.html#gfdl-transparent
gfdl-title-page
gfdl-1.html#gfdl-title-page
gfdl-entitled
gfdl-1.html#gfdl-entitled
gfdl-2
gfdl-2.html
gfdl-3
gfdl-3.html
gfdl-4
gfdl-4.html
gfdl-modif-cond
gfdl-4.html#gfdl-modif-cond
gfdl-5
gfdl-5.html
gfdl-6
gfdl-6.html
gfdl-7
gfdl-7.html
gfdl-8
gfdl-8.html
gfdl-9
gfdl-9.html
gfdl-10
gfdl-10.html
gfdl-addendum
gfdl-addendum.html
copyright-sample
gfdl-addendum.html#copyright-sample
inv-cover-sample
gfdl-addendum.html#inv-cover-sample
gpl
gpl.html
gpl-legalnotice
ln-gpl-legalnotice.html
gpl-1
gpl-1.html
gpl-2
gpl-2.html
gpl-2-0
gpl-2.html#gpl-2-0
gpl-2-1
gpl-2.html#gpl-2-1
gpl-2-2
gpl-2.html#gpl-2-2
gpl-2-3
gpl-2.html#gpl-2-3
gpl-2-4
gpl-2.html#gpl-2-4
gpl-2-5
gpl-2.html#gpl-2-5
gpl-2-6
gpl-2.html#gpl-2-6
gpl-2-7
gpl-2.html#gpl-2-7
gpl-2-8
gpl-2.html#gpl-2-8
gpl-2-9
gpl-2.html#gpl-2-9
gpl-2-10
gpl-2.html#gpl-2-10
gpl-2-11
gpl-2.html#gpl-2-11
gpl-2-12
gpl-2.html#gpl-2-12
gpl-3
gpl-3.html
idx
idx.html
references
references.html
ref-books
references.html#ref-books
CLtL1
references.html#CLtL1
CLtL2
references.html#CLtL2
amop
references.html#amop
ref-ansi
references.html#ref-ansi
ansi-cl
references.html#ansi-cl
CLHS
references.html#CLHS
